[www.engage.veented.com/bakery/index.html]
[backblue.gif]
[fade.gif]
[index.html]
[ajax.googleapis.com/ajax/libs/webfont/1.5.3/webfont.js]
[www.engage.veented.com/bakery/wp-content/plugins/engage-demo/assets/css/engage-demo18c7.css]
[www.engage.veented.com/bakery/comments/feed/index.html]
[www.engage.veented.com/bakery/feed/index.html]
[www.engage.veented.com/bakery/wp-content/themes/engage/css/bootstrap.minf420.css]
[www.engage.veented.com/bakery/wp-content/themes/engage/css/engage-icons/css/stylef420.css]
[www.engage.veented.com/bakery/wp-content/themes/engage/css/scripts/animate.minf420.css]
[www.engage.veented.com/bakery/wp-content/plugins/js_composer/assets/lib/bower/font-awesome/css/font-awesome.min7661.css]
[www.engage.veented.com/bakery/wp-content/themes/engage/css/ui4bf4.css]
[www.engage.veented.com/bakery/wp-content/themes/engage/css/responsive97de.css]
[www.engage.veented.com/bakery/wp-content/themes/engage/styleed2e.css]
[www.engage.veented.com/bakery/wp-admin/admin-ajax816d.css]
[www.engage.veented.com/bakery/wp-content/themes/engage/css/plugins/magnific-popupf420.css]
[www.engage.veented.com/bakery/wp-content/themes/engage/css/plugins/owl.carouself420.css]
[www.engage.veented.com/bakery/wp-content/plugins/js_composer/assets/css/js_composer.min7661.css]
[www.engage.veented.com/bakery/wp-includes/js/jquery/jqueryb8ff.js]
[www.engage.veented.com/bakery/wp-includes/js/jquery/jquery-migrate.min330a.js]
[www.engage.veented.com/bakery/wp-content/plugins/engage-demo/assets/js/engage-democe14.js]
[www.engage.veented.com/bakery/wp-content/themes/engage/js/plugins/appear/jquery.appearf269.js]
[www.engage.veented.com/bakery/xmlrpc0db0.php]
[www.engage.veented.com/bakery/wp-json/index.html]
[www.engage.veented.com/bakery/wp-includes/wlwmanifest.xml]
[www.engage.veented.com/bakery/wp-json/oembed/1.0/embed2c00.json]
[www.engage.veented.com/bakery/wp-json/oembed/1.0/embedfc16]
[www.engage.veented.com/wp-content/uploads/2017/11/cropped-favicon-32x32.png]
[www.engage.veented.com/wp-content/uploads/2017/11/cropped-favicon-192x192.png]
[www.engage.veented.com/wp-content/uploads/2017/11/cropped-favicon-180x180.png]
[www.engage.veented.com/bakery/wp-content/uploads/sites/27/2017/08/bakery-color.png]
[www.engage.veented.com/bakery/wp-content/uploads/sites/27/2017/08/bakery-light-1.png]
[www.engage.veented.com/bakery/wp-content/uploads/sites/27/2017/04/drew-coffman-1872.jpg]
[www.engage.veented.com/bakery/wp-content/uploads/sites/27/2017/04/alexandru-stavrica-170390-800x760.jpg]
[www.engage.veented.com/bakery/our-offer/index.html]
[www.engage.veented.com/bakery/about/index.html]
[www.engage.veented.com/bakery/wp-content/uploads/sites/27/2017/04/full-2-800x640.jpg]
[www.engage.veented.com/bakery/gallery/index.html]
[www.engage.veented.com/bakery/wp-content/uploads/sites/27/2017/04/ben-garratt-134774-600x500.jpg]
[www.engage.veented.com/bakery/blog/index.html]
[www.engage.veented.com/bakery/wp-content/uploads/sites/27/2017/04/stas-ovsky-123540-600x500.jpg]
[www.engage.veented.com/bakery/wp-content/uploads/sites/27/2017/04/clem-onojeghuo-206832-600x500.jpg]
[www.engage.veented.com/bakery/2017/04/22/cool-tips/index.html]
[www.engage.veented.com/bakery/2017/04/22/gallery-post/index.html]
[www.engage.veented.com/wp-content/uploads/demo-thumbs/main.jpg]
[www.engage.veented.com/bakery/2017/04/22/basic-post/index.html]
[www.engage.veented.com/wp-content/uploads/demo-thumbs/business.jpg]
[www.engage.veented.com/bakery/contact/index.html]
[www.engage.veented.com/wp-content/uploads/demo-thumbs/business-2.jpg]
[www.engage.veented.com/wp-content/uploads/demo-thumbs/agency-creative.jpg]
[www.engage.veented.com/wp-content/uploads/demo-thumbs/agency.jpg]
[www.engage.veented.com/wp-content/uploads/demo-thumbs/app.jpg]
[www.engage.veented.com/wp-content/uploads/demo-thumbs/architecture.jpg]
[www.engage.veented.com/wp-content/uploads/demo-thumbs/bakery.jpg]
[www.engage.veented.com/wp-content/uploads/demo-thumbs/barber.jpg]
[www.engage.veented.com/wp-content/uploads/demo-thumbs/cafe.jpg]
[www.engage.veented.com/wp-content/uploads/demo-thumbs/church.jpg]
[www.engage.veented.com/wp-content/uploads/demo-thumbs/construction.jpg]
[www.engage.veented.com/wp-content/uploads/demo-thumbs/fitness.jpg]
[www.engage.veented.com/wp-content/uploads/demo-thumbs/gym.jpg]
[www.engage.veented.com/wp-content/uploads/demo-thumbs/medical.jpg]
[www.engage.veented.com/wp-content/uploads/demo-thumbs/music.jpg]
[www.engage.veented.com/wp-content/uploads/demo-thumbs/photography.jpg]
[www.engage.veented.com/wp-content/uploads/demo-thumbs/photography-dark.jpg]
[www.engage.veented.com/wp-content/uploads/demo-thumbs/photography-side.jpg]
[www.engage.veented.com/wp-content/uploads/demo-thumbs/portfolio-minimal1.jpg]
[www.engage.veented.com/wp-content/uploads/demo-thumbs/portfolio-minimal2.jpg]
[www.engage.veented.com/wp-content/uploads/demo-thumbs/portfolio-classic.jpg]
[www.engage.veented.com/wp-content/uploads/demo-thumbs/photography-modern.jpg]
[www.engage.veented.com/wp-content/uploads/demo-thumbs/portfolio-elegant.jpg]
[www.engage.veented.com/wp-content/uploads/demo-thumbs/shop-classic.jpg]
[www.engage.veented.com/wp-content/uploads/demo-thumbs/shop-elegant.jpg]
[www.engage.veented.com/wp-content/uploads/demo-thumbs/shop-dark.jpg]
[www.engage.veented.com/wp-content/uploads/demo-thumbs/restaurant.jpg]
[www.engage.veented.com/wp-content/uploads/demo-thumbs/wedding.jpg]
[www.engage.veented.com/wp-content/uploads/demo-thumbs/wine.jpg]
[www.engage.veented.com/wp-content/uploads/demo-thumbs/yoga.jpg]
[www.engage.veented.com/wp-content/uploads/demo-thumbs/app-one-pager.jpg]
[www.engage.veented.com/bakery/wp-content/themes/engage/js/plugins/post-like/post-like.min5152.js]
[www.engage.veented.com/bakery/wp-includes/js/comment-reply.minf420.js]
[www.engage.veented.com/bakery/wp-content/themes/engage/js/engage.maince14.js]
[www.engage.veented.com/bakery/wp-content/themes/engage/js/plugins/superfish/superfish.minf420.js]
[www.engage.veented.com/bakery/wp-content/themes/engage/js/engage.navigation18c7.js]
[www.engage.veented.com/bakery/wp-includes/js/wp-embed.minf420.js]
[www.engage.veented.com/bakery/wp-content/plugins/js_composer/assets/js/dist/js_composer_front.min7661.js]
[www.engage.veented.com/bakery/wp-content/plugins/js_composer/assets/lib/bower/skrollr/dist/skrollr.min7661.js]
[www.engage.veented.com/bakery/wp-content/themes/engage/js/plugins/map/markerwithlabelf420.js]
[www.engage.veented.com/bakery/index.html]
[www.engage.veented.com/bakery/wp-content/plugins/engage-demo/assets/css/engage-demo18c7.css]
[www.engage.veented.com/bakery/wp-content/themes/engage/css/bootstrap.minf420.css]
[www.engage.veented.com/bakery/wp-content/themes/engage/css/engage-icons/fonts/EngageIcons.eot]
[www.engage.veented.com/bakery/wp-content/themes/engage/css/engage-icons/fonts/EngageIcons.woff2]
[www.engage.veented.com/bakery/wp-content/themes/engage/css/engage-icons/fonts/EngageIcons.woff]
[www.engage.veented.com/bakery/wp-content/themes/engage/css/engage-icons/fonts/EngageIcons.ttf]
[www.engage.veented.com/bakery/wp-content/themes/engage/css/engage-icons/fonts/EngageIcons.svg]
[www.engage.veented.com/bakery/wp-content/themes/engage/css/engage-icons/css/stylef420.css]
[www.engage.veented.com/bakery/wp-content/themes/engage/css/scripts/animate.minf420.css]
[www.engage.veented.com/bakery/wp-content/plugins/js_composer/assets/lib/bower/font-awesome/fonts/fontawesome-webfont3e6e.eot]
[www.engage.veented.com/bakery/wp-content/plugins/js_composer/assets/lib/bower/font-awesome/fonts/fontawesome-webfontd41d.eot]
[www.engage.veented.com/bakery/wp-content/plugins/js_composer/assets/lib/bower/font-awesome/fonts/fontawesome-webfont3e6e.woff2]
[www.engage.veented.com/bakery/wp-content/plugins/js_composer/assets/lib/bower/font-awesome/fonts/fontawesome-webfont3e6e.woff]
[www.engage.veented.com/bakery/wp-content/plugins/js_composer/assets/lib/bower/font-awesome/fonts/fontawesome-webfont3e6e.ttf]
[www.engage.veented.com/bakery/wp-content/plugins/js_composer/assets/lib/bower/font-awesome/fonts/fontawesome-webfont3e6e.svg]
[www.engage.veented.com/bakery/wp-content/plugins/js_composer/assets/lib/bower/font-awesome/css/font-awesome.min7661.css]
[www.engage.veented.com/bakery/wp-content/themes/engage/css/ui4bf4.css]
[www.engage.veented.com/bakery/wp-content/themes/engage/img/select-arrows.png]
[www.engage.veented.com/bakery/wp-content/themes/engage/img/map-markers/red.png]
[www.engage.veented.com/bakery/wp-content/themes/engage/img/map-markers/amber.png]
[www.engage.veented.com/bakery/wp-content/themes/engage/img/map-markers/blue.png]
[www.engage.veented.com/bakery/wp-content/themes/engage/img/map-markers/dark.png]
[www.engage.veented.com/bakery/wp-content/themes/engage/img/map-markers/indigo.png]
[www.engage.veented.com/bakery/wp-content/themes/engage/img/map-markers/orange.png]
[www.engage.veented.com/bakery/wp-content/themes/engage/img/map-markers/pink.png]
[www.engage.veented.com/bakery/wp-content/themes/engage/img/map-markers/purple.png]
[www.engage.veented.com/bakery/wp-content/themes/engage/img/map-markers/teal.png]
[www.engage.veented.com/bakery/wp-content/themes/engage/img/map-markers/white.png]
[www.engage.veented.com/bakery/wp-content/themes/engage/img/contact-details-map.png]
[www.engage.veented.com/bakery/wp-content/themes/engage/styleed2e.css]
[www.engage.veented.com/bakery/wp-content/themes/engage/css/responsive97de.css]
[www.engage.veented.com/bakery/wp-admin/admin-ajax816d.css]
[www.engage.veented.com/bakery/wp-content/themes/engage/css/plugins/magnific-popupf420.css]
[www.engage.veented.com/bakery/wp-content/themes/engage/css/plugins/owl.carouself420.css]
[www.engage.veented.com/bakery/wp-content/themes/engage/framework/theme-panel/extensions/social_profiles/social_profiles/css/field_social_profiles_frontend19ff.css]
[www.engage.veented.com/bakery/wp-content/plugins/js_composer/assets/vc/alert.png]
[www.engage.veented.com/bakery/wp-content/plugins/js_composer/assets/vc/info.png]
[www.engage.veented.com/bakery/wp-content/plugins/js_composer/assets/vc/tick.png]
[www.engage.veented.com/bakery/wp-content/plugins/js_composer/assets/vc/exclamation.png]
[www.engage.veented.com/bakery/wp-content/plugins/js_composer/assets/images/icons/address-book.png]
[www.engage.veented.com/bakery/wp-content/plugins/js_composer/assets/images/icons/alarm-clock.png]
[www.engage.veented.com/bakery/wp-content/plugins/js_composer/assets/images/icons/anchor.png]
[www.engage.veented.com/bakery/wp-content/plugins/js_composer/assets/images/icons/application-image.png]
[www.engage.veented.com/bakery/wp-content/plugins/js_composer/assets/images/icons/arrow.png]
[www.engage.veented.com/bakery/wp-content/plugins/js_composer/assets/images/icons/asterisk.png]
[www.engage.veented.com/bakery/wp-content/plugins/js_composer/assets/images/icons/auction-hammer.png]
[www.engage.veented.com/bakery/wp-content/plugins/js_composer/assets/images/icons/balloon.png]
[www.engage.veented.com/bakery/wp-content/plugins/js_composer/assets/images/icons/balloon-buzz.png]
[www.engage.veented.com/bakery/wp-content/plugins/js_composer/assets/images/icons/balloon-facebook.png]
[www.engage.veented.com/bakery/wp-content/plugins/js_composer/assets/images/icons/balloon-twitter.png]
[www.engage.veented.com/bakery/wp-content/plugins/js_composer/assets/images/icons/battery-full.png]
[www.engage.veented.com/bakery/wp-content/plugins/js_composer/assets/images/icons/binocular.png]
[www.engage.veented.com/bakery/wp-content/plugins/js_composer/assets/images/icons/blue-document-excel.png]
[www.engage.veented.com/bakery/wp-content/plugins/js_composer/assets/images/icons/blue-document-image.png]
[www.engage.veented.com/bakery/wp-content/plugins/js_composer/assets/images/icons/blue-document-music.png]
[www.engage.veented.com/bakery/wp-content/plugins/js_composer/assets/images/icons/blue-document-office.png]
[www.engage.veented.com/bakery/wp-content/plugins/js_composer/assets/images/icons/blue-document-pdf.png]
[www.engage.veented.com/bakery/wp-content/plugins/js_composer/assets/images/icons/blue-document-powerpoint.png]
[www.engage.veented.com/bakery/wp-content/plugins/js_composer/assets/images/icons/blue-document-word.png]
[www.engage.veented.com/bakery/wp-content/plugins/js_composer/assets/images/icons/bookmark.png]
[www.engage.veented.com/bakery/wp-content/plugins/js_composer/assets/images/icons/camcorder.png]
[www.engage.veented.com/bakery/wp-content/plugins/js_composer/assets/images/icons/camera.png]
[www.engage.veented.com/bakery/wp-content/plugins/js_composer/assets/images/icons/chart.png]
[www.engage.veented.com/bakery/wp-content/plugins/js_composer/assets/images/icons/chart-pie.png]
[www.engage.veented.com/bakery/wp-content/plugins/js_composer/assets/images/icons/clock.png]
[www.engage.veented.com/bakery/wp-content/plugins/js_composer/assets/images/icons/control.png]
[www.engage.veented.com/bakery/wp-content/plugins/js_composer/assets/images/icons/fire.png]
[www.engage.veented.com/bakery/wp-content/plugins/js_composer/assets/images/icons/heart.png]
[www.engage.veented.com/bakery/wp-content/plugins/js_composer/assets/images/icons/mail.png]
[www.engage.veented.com/bakery/wp-content/plugins/js_composer/assets/images/icons/plus-shield.png]
[www.engage.veented.com/bakery/wp-content/plugins/js_composer/assets/images/icons/video.png]
[www.engage.veented.com/bakery/wp-content/plugins/js_composer/assets/fonts/vc_icons_v2/fonts/vcpb-plugin-icons01aa.ttf]
[www.engage.veented.com/bakery/wp-content/plugins/js_composer/assets/fonts/vc_icons_v2/fonts/vcpb-plugin-icons01aa.woff]
[www.engage.veented.com/bakery/wp-content/plugins/js_composer/assets/fonts/vc_icons_v2/fonts/vcpb-plugin-icons01aa.svg]
[www.engage.veented.com/bakery/wp-content/plugins/js_composer/assets/images/toggle_open.png]
[www.engage.veented.com/bakery/wp-content/plugins/js_composer/assets/images/toggle_close.png]
[www.engage.veented.com/bakery/wp-content/plugins/js_composer/assets/images/flickr.png]
[www.engage.veented.com/bakery/wp-content/plugins/js_composer/assets/fonts/vc_grid/vc_grid_v157a1.eot]
[www.engage.veented.com/bakery/wp-content/plugins/js_composer/assets/fonts/vc_grid/vc_grid_v1d41d.eot]
[www.engage.veented.com/bakery/wp-content/plugins/js_composer/assets/fonts/vc_grid/vc_grid_v157a1.woff]
[www.engage.veented.com/bakery/wp-content/plugins/js_composer/assets/fonts/vc_grid/vc_grid_v157a1.ttf]
[www.engage.veented.com/bakery/wp-content/plugins/js_composer/assets/fonts/vc_grid/vc_grid_v157a1.svg]
[www.engage.veented.com/bakery/wp-content/plugins/js_composer/assets/images/spinner.gif]
[www.engage.veented.com/bakery/wp-content/plugins/js_composer/assets/vc/remove.png]
[www.engage.veented.com/bakery/wp-content/plugins/js_composer/assets/css/js_composer.min7661.css]
[www.engage.veented.com/bakery/wp-json/oembed/1.0/embedb579.json]
[www.engage.veented.com/bakery/wp-json/oembed/1.0/embedabed]
[www.engage.veented.com/bakery/wp-content/uploads/sites/27/2017/04/roman-kraft-56589-800x760.jpg]
[www.engage.veented.com/bakery/wp-content/plugins/js_composer/assets/css/lib/vc-linecons/vc_linecons_icons.min7661.css]
[www.engage.veented.com/bakery/about/index.html]
[www.engage.veented.com/bakery/wp-content/themes/engage/js/engage.appearf420.js]
[www.engage.veented.com/bakery/wp-json/oembed/1.0/embed4171.json]
[www.engage.veented.com/bakery/wp-json/oembed/1.0/embed9738]
[www.engage.veented.com/bakery/our-offer/index.html]
[www.engage.veented.com/bakery/wp-json/oembed/1.0/embed8126.json]
[www.engage.veented.com/bakery/wp-json/oembed/1.0/embed2b29]
[www.engage.veented.com/bakery/wp-content/uploads/sites/27/2017/04/roman-kraft-56589.jpg]
[www.engage.veented.com/bakery/wp-content/uploads/sites/27/2017/04/roman-kraft-56589-600x600.jpg]
[www.engage.veented.com/bakery/wp-content/uploads/sites/27/2017/04/stas-ovsky-123540.jpg]
[www.engage.veented.com/bakery/wp-content/uploads/sites/27/2017/04/stas-ovsky-123540-600x600.jpg]
[www.engage.veented.com/bakery/wp-content/uploads/sites/27/2017/04/clem-onojeghuo-206832.jpg]
[www.engage.veented.com/bakery/wp-content/uploads/sites/27/2017/04/clem-onojeghuo-206832-600x600.jpg]
[www.engage.veented.com/bakery/wp-content/uploads/sites/27/2017/04/ben-garratt-134774.jpg]
[www.engage.veented.com/bakery/wp-content/uploads/sites/27/2017/04/ben-garratt-134774-600x600.jpg]
[www.engage.veented.com/bakery/wp-content/uploads/sites/27/2017/04/full-2.jpg]
[www.engage.veented.com/bakery/wp-content/uploads/sites/27/2017/04/full-2-600x600.jpg]
[www.engage.veented.com/bakery/wp-content/uploads/sites/27/2017/04/alexandru-stavrica-170390.jpg]
[www.engage.veented.com/bakery/wp-content/uploads/sites/27/2017/04/alexandru-stavrica-170390-600x600.jpg]
[www.engage.veented.com/bakery/wp-content/themes/engage/css/plugins/cubeportfolio.minf269.css]
[www.engage.veented.com/bakery/wp-content/themes/engage/js/plugins/cubeportfolio/jquery.cubeportfolio.minae82.js]
[www.engage.veented.com/bakery/wp-content/themes/engage/js/engage.gridecb5.js]
[www.engage.veented.com/bakery/gallery/index.html]
[www.engage.veented.com/bakery/wp-content/themes/engage/js/plugins/magnific-popup/jquery.magnific-popup.minf420.js]
[www.engage.veented.com/bakery/wp-content/uploads/sites/27/2017/04/clem-onojeghuo-206832-600x361.jpg]
[www.engage.veented.com/bakery/wp-content/uploads/sites/27/2017/04/full-2-600x420.jpg]
[www.engage.veented.com/bakery/wp-content/uploads/sites/27/2017/04/alexandru-stavrica-170390-600x420.jpg]
[www.engage.veented.com/bakery/author/vntd_engage_admin/index.html]
[www.engage.veented.com/bakery/wp-login.html]
[www.engage.veented.com/bakery/wp-content/themes/engage/css/plugins/swiper.minf420.css]
[www.engage.veented.com/bakery/2017/04/22/quote-post/index.html]
[www.engage.veented.com/bakery/2017/04/index.html]
[www.engage.veented.com/bakery/wp-content/themes/engage/js/engage.sliders7daa.js]
[www.engage.veented.com/bakery/blog/index.html]
[www.engage.veented.com/bakery/wp-content/themes/engage/js/plugins/swiper.jquery.minf420.js]
[www.engage.veented.com/bakery/category/classes/index.html]
[www.engage.veented.com/bakery/category/photography/index.html]
[www.engage.veented.com/bakery/category/travel/index.html]
[www.engage.veented.com/bakery/2017/04/22/cool-tips/feed/index.html]
[www.engage.veented.com/bakery/wp-json/oembed/1.0/embed49f8.json]
[www.engage.veented.com/bakery/wp-json/oembed/1.0/embede807]
[www.engage.veented.com/bakery/wp-content/uploads/sites/27/2017/04/clem-onojeghuo-206832-900x.jpg]
[www.engage.veented.com/bakery/2017/04/22/cool-tips/index.html]
[www.engage.veented.com/bakery/author/index.html]
[www.engage.veented.com/bakery/2017/04/22/cool-tips/index3094.html]
[www.engage.veented.com/bakery/2017/04/22/gallery-post/feed/index.html]
[www.engage.veented.com/bakery/wp-json/oembed/1.0/embeda0a8.json]
[www.engage.veented.com/bakery/wp-json/oembed/1.0/embed22fc]
[www.engage.veented.com/bakery/wp-content/uploads/sites/27/2017/04/full-2-900x470.jpg]
[www.engage.veented.com/bakery/wp-content/uploads/sites/27/2017/04/alexandru-stavrica-170390-900x470.jpg]
[www.engage.veented.com/wp-content/uploads/2017/04/blake-parkinson-31143-300x266.jpg]
[www.engage.veented.com/bakery/2017/04/22/gallery-post/index.html]
[www.engage.veented.com/bakery/2017/04/22/basic-post/feed/index.html]
[www.engage.veented.com/bakery/wp-json/oembed/1.0/embede86d.json]
[www.engage.veented.com/bakery/2017/04/22/basic-post/index.html]
[www.engage.veented.com/bakery/wp-json/oembed/1.0/embed5277]
[www.engage.veented.com/bakery/tag/yoga-class/index.html]
[www.engage.veented.com/bakery/tag/peace/index.html]
[www.engage.veented.com/bakery/wp-json/oembed/1.0/embed413d.json]
[www.engage.veented.com/bakery/wp-json/oembed/1.0/embeda707]
[www.engage.veented.com/bakery/wp-content/plugins/engage-core/shortcodes/lib/contact-form/public/js/contact-formf420.js]
[www.engage.veented.com/bakery/contact/index.html]
[www.engage.veented.com/bakery/wp-content/themes/engage/css/engage-icons/fonts/EngageIcons.svg]
[www.engage.veented.com/bakery/wp-content/plugins/js_composer/assets/lib/bower/font-awesome/fonts/fontawesome-webfont3e6e.svg]
[www.engage.veented.com/bakery/wp-content/themes/engage/css/plugins/owl.video.play.html]
[www.engage.veented.com/bakery/wp-content/plugins/js_composer/assets/fonts/vc_icons_v2/fonts/vcpb-plugin-icons01aa.svg]
[www.engage.veented.com/bakery/wp-content/plugins/js_composer/assets/fonts/vc_grid/vc_grid_v157a1.svg]
[www.engage.veented.com/bakery/wp-content/themes/engage/framework/theme-panel/extensions/social_profiles/social_profiles/css/field_social_profiles_frontend0d15.css]
[www.engage.veented.com/bakery/index0e62.html]
[www.engage.veented.com/bakery/wp-content/plugins/js_composer/assets/css/lib/vc-linecons/fonts/vc_linecons4906.eot]
[www.engage.veented.com/bakery/wp-content/plugins/js_composer/assets/css/lib/vc-linecons/fonts/vc_linecons4906.woff]
[www.engage.veented.com/bakery/wp-content/plugins/js_composer/assets/css/lib/vc-linecons/fonts/vc_linecons4906.ttf]
[www.engage.veented.com/bakery/wp-content/plugins/js_composer/assets/css/lib/vc-linecons/vc_linecons_icons.min7661.css]
[www.engage.veented.com/bakery/indexd1c3.html]
[www.engage.veented.com/bakery/wp-content/themes/engage/framework/theme-panel/extensions/social_profiles/social_profiles/css/field_social_profiles_frontend0da7.css]
[www.engage.veented.com/bakery/indexee5b.html]
[www.engage.veented.com/bakery/wp-content/plugins/js_composer/assets/css/lib/vc-linecons/fonts/vc_linecons4906.svg]
[www.engage.veented.com/bakery/wp-content/themes/engage/css/plugins/cubeportfolio.minf269.css]
[www.engage.veented.com/bakery/wp-content/themes/engage/framework/theme-panel/extensions/social_profiles/social_profiles/css/field_social_profiles_frontend9b30.css]
[www.engage.veented.com/bakery/wp-content/uploads/sites/27/2017/04/clem-onojeghuo-206832-900x470.jpg]
[www.engage.veented.com/bakery/author/vntd_engage_admin/index.html]
[www.engage.veented.com/bakery/author/vntd_engage_admin/feed/index.html]
[www.engage.veented.com/bakery/2017/04/22/quote-post/feed/index.html]
[www.engage.veented.com/bakery/wp-json/oembed/1.0/embed241b.json]
[www.engage.veented.com/bakery/wp-json/oembed/1.0/embedd88f]
[www.engage.veented.com/bakery/2017/04/22/quote-post/index.html]
[www.engage.veented.com/bakery/2017/04/index.html]
[www.engage.veented.com/bakery/category/classes/index.html]
[www.engage.veented.com/bakery/category/photography/index.html]
[www.engage.veented.com/bakery/category/classes/feed/index.html]
[www.engage.veented.com/bakery/category/travel/index.html]
[www.engage.veented.com/bakery/category/photography/feed/index.html]
[www.engage.veented.com/bakery/category/travel/feed/index.html]
[www.engage.veented.com/bakery/wp-admin/load-stylesaf68.css]
[www.engage.veented.com/bakery/wp-login.html]
[www.engage.veented.com/bakery/wp-content/themes/engage/css/plugins/swiper.minf420.css]
[www.engage.veented.com/bakery/wp-content/themes/engage/framework/theme-panel/extensions/social_profiles/social_profiles/css/field_social_profiles_frontend2685.css]
[www.engage.veented.com/bakery/indexe6f0.html]
[www.engage.veented.com/bakery/author/index.html]
[www.engage.veented.com/bakery/2017/04/22/cool-tips/index3094.html]
[www.engage.veented.com/bakery/wp-content/themes/engage/framework/theme-panel/extensions/social_profiles/social_profiles/css/field_social_profiles_frontend822b.css]
[www.engage.veented.com/bakery/index5401.html]
[www.engage.veented.com/bakery/wp-content/themes/engage/framework/theme-panel/extensions/social_profiles/social_profiles/css/field_social_profiles_frontend2a53.css]
[www.engage.veented.com/bakery/indexb190.html]
[www.engage.veented.com/bakery/wp-admin/load-scripts9a7d.php]
[www.engage.veented.com/bakery/tag/peace/index.html]
[www.engage.veented.com/bakery/tag/peace/feed/index.html]
[www.engage.veented.com/bakery/tag/yoga-class/index.html]
[www.engage.veented.com/bakery/wp-content/themes/engage/framework/theme-panel/extensions/social_profiles/social_profiles/css/field_social_profiles_frontend5ea8.css]
[www.engage.veented.com/bakery/index0735.html]
[www.engage.veented.com/bakery/tag/yoga-class/feed/index.html]
[www.engage.veented.com/bakery/wp-content/plugins/js_composer/assets/css/lib/vc-linecons/fonts/vc_linecons4906.svg]
[www.engage.veented.com/bakery/wp-content/themes/engage/css/img/cbp-sprite.html]
[www.engage.veented.com/bakery/wp-content/themes/engage/framework/theme-panel/extensions/social_profiles/social_profiles/css/field_social_profiles_frontendd546.css]
[www.engage.veented.com/bakery/wp-content/themes/engage/framework/theme-panel/extensions/social_profiles/social_profiles/css/field_social_profiles_frontend82f7.css]
[www.engage.veented.com/bakery/index65d2.html]
[www.engage.veented.com/bakery/wp-content/themes/engage/framework/theme-panel/extensions/social_profiles/social_profiles/css/field_social_profiles_frontend679f.css]
[www.engage.veented.com/bakery/wp-content/themes/engage/framework/theme-panel/extensions/social_profiles/social_profiles/css/field_social_profiles_frontend8db8.css]
[www.engage.veented.com/bakery/wp-content/themes/engage/framework/theme-panel/extensions/social_profiles/social_profiles/css/field_social_profiles_frontend4f41.css]
[www.engage.veented.com/bakery/wp-content/themes/engage/framework/theme-panel/extensions/social_profiles/social_profiles/css/field_social_profiles_frontend40ab.css]
[www.engage.veented.com/bakery/wp-includes/fonts/dashicons.eot]
[www.engage.veented.com/bakery/wp-admin/images/loading.gif]
[www.engage.veented.com/bakery/wp-admin/images/w-logo-blue7a53.png]
[www.engage.veented.com/bakery/wp-admin/images/wordpress-logo7d6b.svg]
[www.engage.veented.com/bakery/wp-admin/load-stylesaf68.css]
[www.engage.veented.com/bakery/wp-content/themes/engage/framework/theme-panel/extensions/social_profiles/social_profiles/css/field_social_profiles_frontendd1fe.css]
[www.engage.veented.com/bakery/wp-content/themes/engage/framework/theme-panel/extensions/social_profiles/social_profiles/css/field_social_profiles_frontendcda0.css]
[www.engage.veented.com/bakery/wp-content/themes/engage/framework/theme-panel/extensions/social_profiles/social_profiles/css/field_social_profiles_frontend3673.css]
[www.engage.veented.com/bakery/wp-admin/images/wordpress-logo7d6b.svg]
